[2026-08-15 10:32:57] === corrida 3 iniciada === 
[2026-08-15 10:32:58] drive: no hay un token guardado en .secrets. Corra este script una vez de forma interactiva para autorizar el acceso (vea el README, seccion "Conexion a Google Drive"). — se omite este paso y se sigue con lo que ya hay en data/entrada 
[2026-08-15 10:33:00] hoja: receptor version 1.4.0, hora del servidor 2026-08-15 10:32:59 
[2026-08-15 10:33:37] hoja: viviendas=0 | personas_hogares=0 | personas=0 | indice=0 | diccionario=0 
[2026-08-15 10:34:10] hoja: viviendas viene vacia; se conserva lo que ya hay en data/entrada 
[2026-08-15 10:34:12] hoja: personas viene vacia; se conserva lo que ya hay en data/entrada 
[2026-08-15 10:34:12] hoja: 0 de 2 tabla(s) descargada(s) 
[2026-08-15 10:34:12] ingestion: 2 archivo(s) en la carpeta 
[2026-08-15 10:34:12] ingestion: 0 archivo(s) nuevo(s) o modificado(s) 
[2026-08-15 10:34:12] ingestion: 0 archivos | 0 insertados | 0 actualizados | 0 sin cambio 
[2026-08-15 10:34:13] dedup personas: 0 duplicado(s) vigentes, 0 cambio(s) en esta corrida 
[2026-08-15 10:34:13] dedup viviendas: 0 duplicado(s) vigentes, 0 cambio(s) en esta corrida 
[2026-08-15 10:34:13] dedup familias: 0 duplicado(s) vigentes, 0 cambio(s) en esta corrida 
[2026-08-15 10:34:13] matching: no_match=7 | 0 cambio(s) en esta corrida 
[2026-08-15 10:34:14] consulta: 7 personas, 7 afectaciones, 4 edificaciones, 11 fichas -> ../modules/consulta 
[2026-08-15 10:34:14] tablero: 7 personas, 4 viviendas, 7 casos por revisar 
[2026-08-15 10:34:14] === corrida 3 terminada (ok): 0 archivos | 0 insertados | 0 actualizados | 0 sin cambio === 
[2026-08-15 10:34:44] === corrida 1 iniciada === 
[2026-08-15 10:34:44] drive: no hay un token guardado en .secrets. Corra este script una vez de forma interactiva para autorizar el acceso (vea el README, seccion "Conexion a Google Drive"). — se omite este paso y se sigue con lo que ya hay en data/entrada 
[2026-08-15 10:34:46] hoja: receptor version 1.4.0, hora del servidor 2026-08-15 10:34:46 
[2026-08-15 10:34:54] hoja: viviendas=0 | personas_hogares=0 | personas=0 | indice=0 | diccionario=0 
[2026-08-15 10:34:56] hoja: viviendas viene vacia; se retira viviendas_hoja.csv 
[2026-08-15 10:35:24] hoja: personas viene vacia; se retira personas_hoja.csv 
[2026-08-15 10:35:24] hoja: 0 de 2 tabla(s) descargada(s) 
[2026-08-15 10:35:24] ingestion: 0 archivo(s) en la carpeta 
[2026-08-15 10:35:24] ERROR: pipeline/01_ingest.R termino con codigo 1; la corrida se detiene 
[2026-08-15 10:35:24] === corrida 1 terminada (error): 0 archivos | 0 insertados | 0 actualizados | 0 sin cambio === 
[2026-08-15 10:35:38] ingestion: 0 archivo(s) en la carpeta 
[2026-08-15 10:37:27] === corrida 1 iniciada === 
[2026-08-15 10:37:27] drive: no hay un token guardado en .secrets. Corra este script una vez de forma interactiva para autorizar el acceso (vea el README, seccion "Conexion a Google Drive"). — se omite este paso y se sigue con lo que ya hay en data/entrada 
[2026-08-15 10:37:29] hoja: receptor version 1.4.0, hora del servidor 2026-08-15 10:37:29 
[2026-08-15 10:38:00] hoja: viviendas=0 | personas_hogares=0 | personas=0 | indice=0 | diccionario=0 
[2026-08-15 10:38:14] hoja: viviendas viene vacia; se retira viviendas_hoja.csv 
[2026-08-15 10:38:29] hoja: personas viene vacia; se retira personas_hoja.csv 
[2026-08-15 10:38:29] hoja: 0 de 2 tabla(s) descargada(s) 
[2026-08-15 10:38:30] ingestion: 0 archivo(s) en la carpeta 
[2026-08-15 10:38:30] ingestion: 0 archivo(s) nuevo(s) o modificado(s) 
[2026-08-15 10:38:30] ingestion: 0 archivos | 0 insertados | 0 actualizados | 0 sin cambio 
[2026-08-15 10:38:30] dedup personas: 0 duplicado(s) vigentes, 0 cambio(s) en esta corrida 
[2026-08-15 10:38:30] dedup viviendas: 0 duplicado(s) vigentes, 0 cambio(s) en esta corrida 
[2026-08-15 10:38:30] dedup familias: 0 duplicado(s) vigentes, 0 cambio(s) en esta corrida 
[2026-08-15 10:38:31] matching:  | 0 cambio(s) en esta corrida 
[2026-08-15 10:38:31] consulta: 0 personas, 0 afectaciones, 0 edificaciones, 0 fichas -> ../modules/consulta 
[2026-08-15 10:38:32] ERROR: pipeline/05_exportar_tablero.R termino con codigo 1; la corrida se detiene 
[2026-08-15 10:38:32] === corrida 1 terminada (error): 0 archivos | 0 insertados | 0 actualizados | 0 sin cambio === 
[2026-08-15 10:39:18] === corrida 2 iniciada === 
[2026-08-15 10:39:19] drive: no hay un token guardado en .secrets. Corra este script una vez de forma interactiva para autorizar el acceso (vea el README, seccion "Conexion a Google Drive"). — se omite este paso y se sigue con lo que ya hay en data/entrada 
[2026-08-15 10:39:21] hoja: receptor version 1.4.0, hora del servidor 2026-08-15 10:39:20 
[2026-08-15 10:39:23] hoja: viviendas=0 | personas_hogares=0 | personas=0 | indice=0 | diccionario=0 
[2026-08-15 10:39:25] hoja: viviendas viene vacia; se retira viviendas_hoja.csv 
[2026-08-15 10:39:26] hoja: personas viene vacia; se retira personas_hoja.csv 
[2026-08-15 10:39:26] hoja: 0 de 2 tabla(s) descargada(s) 
[2026-08-15 10:39:27] ingestion: 0 archivo(s) en la carpeta 
[2026-08-15 10:39:27] ingestion: 0 archivo(s) nuevo(s) o modificado(s) 
[2026-08-15 10:39:27] ingestion: 0 archivos | 0 insertados | 0 actualizados | 0 sin cambio 
[2026-08-15 10:39:27] dedup personas: 0 duplicado(s) vigentes, 0 cambio(s) en esta corrida 
[2026-08-15 10:39:27] dedup viviendas: 0 duplicado(s) vigentes, 0 cambio(s) en esta corrida 
[2026-08-15 10:39:27] dedup familias: 0 duplicado(s) vigentes, 0 cambio(s) en esta corrida 
[2026-08-15 10:39:28] matching:  | 0 cambio(s) en esta corrida 
[2026-08-15 10:39:28] consulta: 0 personas, 0 afectaciones, 0 edificaciones, 0 fichas -> ../modules/consulta 
[2026-08-15 10:39:29] tablero: 0 personas, 0 viviendas, 0 casos por revisar 
[2026-08-15 10:39:29] === corrida 2 terminada (ok): 0 archivos | 0 insertados | 0 actualizados | 0 sin cambio === 
[2026-08-15 10:40:43] ingestion: 11 archivo(s) en la carpeta 
[2026-08-15 10:40:43] ingestion: 11 archivo(s) nuevo(s) o modificado(s) 
[2026-08-15 10:40:43] personas_gestion_riesgo_20260813_0800.xlsx: procesado (5 filas) 
[2026-08-15 10:40:43] personas_gestion_riesgo_20260814_0800.xlsx: procesado (6 filas) 
[2026-08-15 10:40:43] personas_gestion_riesgo_20260815_0900.xlsx: procesado (2 filas) 
[2026-08-15 10:40:43] personas_jornada4_20260816_0700.xlsx: procesado (55 filas) 
[2026-08-15 10:40:43] personas_vivienda_20260813.xlsx: procesado (2 filas) 
[2026-08-15 10:40:43] viviendas_app_real_20260814.csv: procesado (20 filas) 
[2026-08-15 10:40:43] viviendas_gestion_riesgo_20260813_0800.xlsx: procesado (3 filas) 
[2026-08-15 10:40:43] viviendas_gestion_riesgo_20260814_0800.xlsx: procesado (4 filas) 
[2026-08-15 10:40:43] viviendas_gestion_riesgo_20260815_0900.xlsx: procesado (1 filas) 
[2026-08-15 10:40:44] viviendas_jornada4_20260816_0700.xlsx: procesado (20 filas) 
[2026-08-15 10:40:44] viviendas_vivienda_20260813.xlsx: procesado (3 filas) 
[2026-08-15 10:40:44] ingestion: 11 archivos | 113 insertados | 1 actualizados | 7 sin cambio 
[2026-08-15 10:41:59] consulta: 65 personas, 27 afectaciones, 48 edificaciones, 113 fichas -> ../modules/consulta 
[2026-08-15 10:43:26] === corrida 1 iniciada === 
[2026-08-15 10:43:27] drive: conexion desactivada (CONECTAR_DRIVE = FALSE); se omite 
[2026-08-15 10:43:27] hoja: conexion desactivada (CONECTAR_HOJA = FALSE); se omite 
[2026-08-15 10:43:28] ingestion: 11 archivo(s) en la carpeta 
[2026-08-15 10:43:28] ingestion: 11 archivo(s) nuevo(s) o modificado(s) 
[2026-08-15 10:43:28] personas_gestion_riesgo_20260813_0800.xlsx: procesado (5 filas) 
[2026-08-15 10:43:28] personas_gestion_riesgo_20260814_0800.xlsx: procesado (6 filas) 
[2026-08-15 10:43:28] personas_gestion_riesgo_20260815_0900.xlsx: procesado (2 filas) 
[2026-08-15 10:43:28] personas_jornada4_20260816_0700.xlsx: procesado (55 filas) 
[2026-08-15 10:43:28] personas_vivienda_20260813.xlsx: procesado (2 filas) 
[2026-08-15 10:43:28] viviendas_app_real_20260814.csv: procesado (20 filas) 
[2026-08-15 10:43:28] viviendas_gestion_riesgo_20260813_0800.xlsx: procesado (3 filas) 
[2026-08-15 10:43:28] viviendas_gestion_riesgo_20260814_0800.xlsx: procesado (4 filas) 
[2026-08-15 10:43:28] viviendas_gestion_riesgo_20260815_0900.xlsx: procesado (1 filas) 
[2026-08-15 10:43:28] viviendas_jornada4_20260816_0700.xlsx: procesado (20 filas) 
[2026-08-15 10:43:28] viviendas_vivienda_20260813.xlsx: procesado (3 filas) 
[2026-08-15 10:43:28] ingestion: 11 archivos | 113 insertados | 1 actualizados | 7 sin cambio 
[2026-08-15 10:43:29] dedup personas: 1 duplicado(s) vigentes, 1 cambio(s) en esta corrida 
[2026-08-15 10:43:29] dedup viviendas: 1 duplicado(s) vigentes, 1 cambio(s) en esta corrida 
[2026-08-15 10:43:29] dedup familias: 0 duplicado(s) vigentes, 0 cambio(s) en esta corrida 
[2026-08-15 10:43:29] match PER-J1-A: (nuevo) -> matched_hogar (VIV-J1-A) 
[2026-08-15 10:43:29] match PER-J1-B: (nuevo) -> matched_cedula (VIV-J1-B) 
[2026-08-15 10:43:29] match PER-J1-D: (nuevo) -> no_match 
[2026-08-15 10:43:29] match PER-J1-I: (nuevo) -> matched_cedula (VIV-J1-C) 
[2026-08-15 10:43:29] match PER-J2-G: (nuevo) -> matched_hogar (VIV-J2-G) 
[2026-08-15 10:43:29] match PER-J3-K: (nuevo) -> matched_hogar (VIV-J3-K) 
[2026-08-15 10:43:29] match PER-J4-01: (nuevo) -> matched_hogar (VIV-J4-01) 
[2026-08-15 10:43:29] match PER-J4-02: (nuevo) -> matched_hogar (VIV-J4-02) 
[2026-08-15 10:43:29] match PER-J4-03: (nuevo) -> matched_hogar (VIV-J4-03) 
[2026-08-15 10:43:29] match PER-J4-04: (nuevo) -> matched_hogar (VIV-J4-04) 
[2026-08-15 10:43:29] match PER-J4-05: (nuevo) -> matched_hogar (VIV-J4-05) 
[2026-08-15 10:43:29] match PER-J4-06: (nuevo) -> matched_hogar (VIV-J4-06) 
[2026-08-15 10:43:29] match PER-J4-07: (nuevo) -> matched_hogar (VIV-J4-07) 
[2026-08-15 10:43:29] match PER-J4-08: (nuevo) -> matched_hogar (VIV-J4-08) 
[2026-08-15 10:43:29] match PER-J4-09: (nuevo) -> matched_hogar (VIV-J4-09) 
[2026-08-15 10:43:29] match PER-J4-10: (nuevo) -> matched_hogar (VIV-J4-10) 
[2026-08-15 10:43:29] match PER-J4-11: (nuevo) -> matched_hogar (VIV-J4-11) 
[2026-08-15 10:43:29] match PER-J4-12: (nuevo) -> matched_hogar (VIV-J4-12) 
[2026-08-15 10:43:29] match PER-J4-13: (nuevo) -> matched_hogar (VIV-J4-13) 
[2026-08-15 10:43:29] match PER-J4-14: (nuevo) -> matched_hogar (VIV-J4-14) 
[2026-08-15 10:43:29] match PER-J4-15: (nuevo) -> matched_hogar (VIV-J4-15) 
[2026-08-15 10:43:29] match PER-J4-16: (nuevo) -> matched_hogar (VIV-J4-16) 
[2026-08-15 10:43:29] match PER-J4-17: (nuevo) -> matched_hogar (VIV-J4-17) 
[2026-08-15 10:43:29] match PER-J4-18: (nuevo) -> matched_hogar (VIV-J4-18) 
[2026-08-15 10:43:29] match PER-J4-19: (nuevo) -> matched_hogar (VIV-J4-19) 
[2026-08-15 10:43:29] match PER-J4-20: (nuevo) -> matched_hogar (VIV-J4-20) 
[2026-08-15 10:43:29] match PER-J1-F: (nuevo) -> ambiguous 
[2026-08-15 10:43:29] matching: ambiguous=1 | matched_cedula=2 | matched_hogar=23 | no_match=1 | 27 cambio(s) en esta corrida 
[2026-08-15 10:43:30] consulta: 65 personas, 27 afectaciones, 48 edificaciones, 113 fichas -> ../modules/consulta 
[2026-08-15 10:43:30] tablero: 64 personas, 47 viviendas, 4 casos por revisar 
[2026-08-15 10:43:30] === corrida 1 terminada (ok): 11 archivos | 113 insertados | 1 actualizados | 7 sin cambio === 
[2026-08-15 10:45:46] === corrida 1 iniciada === 
[2026-08-15 10:45:48] drive: conexion desactivada (CONECTAR_DRIVE = FALSE); se omite 
[2026-08-15 10:45:49] hoja: conexion desactivada (CONECTAR_HOJA = FALSE); se omite 
[2026-08-15 10:45:50] ingestion: 11 archivo(s) en la carpeta 
[2026-08-15 10:45:50] ingestion: 11 archivo(s) nuevo(s) o modificado(s) 
[2026-08-15 10:45:50] personas_gestion_riesgo_20260813_0800.xlsx: procesado (5 filas) 
[2026-08-15 10:45:50] personas_gestion_riesgo_20260814_0800.xlsx: procesado (6 filas) 
[2026-08-15 10:45:50] personas_gestion_riesgo_20260815_0900.xlsx: procesado (2 filas) 
[2026-08-15 10:45:50] personas_jornada4_20260816_0700.xlsx: procesado (55 filas) 
[2026-08-15 10:45:50] personas_vivienda_20260813.xlsx: procesado (2 filas) 
[2026-08-15 10:45:51] viviendas_app_real_20260814.csv: procesado (20 filas) 
[2026-08-15 10:45:51] viviendas_gestion_riesgo_20260813_0800.xlsx: procesado (3 filas) 
[2026-08-15 10:45:51] viviendas_gestion_riesgo_20260814_0800.xlsx: procesado (4 filas) 
[2026-08-15 10:45:51] viviendas_gestion_riesgo_20260815_0900.xlsx: procesado (1 filas) 
[2026-08-15 10:45:51] viviendas_jornada4_20260816_0700.xlsx: procesado (20 filas) 
[2026-08-15 10:45:51] viviendas_vivienda_20260813.xlsx: procesado (3 filas) 
[2026-08-15 10:45:51] ingestion: 11 archivos | 113 insertados | 1 actualizados | 7 sin cambio 
[2026-08-15 10:45:51] dedup personas: 1 duplicado(s) vigentes, 1 cambio(s) en esta corrida 
[2026-08-15 10:45:51] dedup viviendas: 1 duplicado(s) vigentes, 1 cambio(s) en esta corrida 
[2026-08-15 10:45:51] dedup familias: 0 duplicado(s) vigentes, 0 cambio(s) en esta corrida 
[2026-08-15 10:45:52] match PER-J1-A: (nuevo) -> matched_hogar (VIV-J1-A) 
[2026-08-15 10:45:52] match PER-J1-B: (nuevo) -> matched_cedula (VIV-J1-B) 
[2026-08-15 10:45:52] match PER-J1-D: (nuevo) -> no_match 
[2026-08-15 10:45:52] match PER-J1-I: (nuevo) -> matched_cedula (VIV-J1-C) 
[2026-08-15 10:45:52] match PER-J2-G: (nuevo) -> matched_hogar (VIV-J2-G) 
[2026-08-15 10:45:52] match PER-J3-K: (nuevo) -> matched_hogar (VIV-J3-K) 
[2026-08-15 10:45:52] match PER-J4-01: (nuevo) -> matched_hogar (VIV-J4-01) 
[2026-08-15 10:45:52] match PER-J4-02: (nuevo) -> matched_hogar (VIV-J4-02) 
[2026-08-15 10:45:52] match PER-J4-03: (nuevo) -> matched_hogar (VIV-J4-03) 
[2026-08-15 10:45:52] match PER-J4-04: (nuevo) -> matched_hogar (VIV-J4-04) 
[2026-08-15 10:45:52] match PER-J4-05: (nuevo) -> matched_hogar (VIV-J4-05) 
[2026-08-15 10:45:52] match PER-J4-06: (nuevo) -> matched_hogar (VIV-J4-06) 
[2026-08-15 10:45:52] match PER-J4-07: (nuevo) -> matched_hogar (VIV-J4-07) 
[2026-08-15 10:45:52] match PER-J4-08: (nuevo) -> matched_hogar (VIV-J4-08) 
[2026-08-15 10:45:52] match PER-J4-09: (nuevo) -> matched_hogar (VIV-J4-09) 
[2026-08-15 10:45:52] match PER-J4-10: (nuevo) -> matched_hogar (VIV-J4-10) 
[2026-08-15 10:45:52] match PER-J4-11: (nuevo) -> matched_hogar (VIV-J4-11) 
[2026-08-15 10:45:52] match PER-J4-12: (nuevo) -> matched_hogar (VIV-J4-12) 
[2026-08-15 10:45:52] match PER-J4-13: (nuevo) -> matched_hogar (VIV-J4-13) 
[2026-08-15 10:45:52] match PER-J4-14: (nuevo) -> matched_hogar (VIV-J4-14) 
[2026-08-15 10:45:52] match PER-J4-15: (nuevo) -> matched_hogar (VIV-J4-15) 
[2026-08-15 10:45:52] match PER-J4-16: (nuevo) -> matched_hogar (VIV-J4-16) 
[2026-08-15 10:45:52] match PER-J4-17: (nuevo) -> matched_hogar (VIV-J4-17) 
[2026-08-15 10:45:52] match PER-J4-18: (nuevo) -> matched_hogar (VIV-J4-18) 
[2026-08-15 10:45:52] match PER-J4-19: (nuevo) -> matched_hogar (VIV-J4-19) 
[2026-08-15 10:45:52] match PER-J4-20: (nuevo) -> matched_hogar (VIV-J4-20) 
[2026-08-15 10:45:52] match PER-J1-F: (nuevo) -> ambiguous 
[2026-08-15 10:45:52] matching: ambiguous=1 | matched_cedula=2 | matched_hogar=23 | no_match=1 | 27 cambio(s) en esta corrida 
[2026-08-15 10:45:53] consulta: 65 personas, 27 afectaciones, 48 edificaciones, 113 fichas -> ../modules/consulta 
[2026-08-15 10:45:54] tablero: 64 personas, 47 viviendas, 4 casos por revisar 
[2026-08-15 10:45:54] === corrida 1 terminada (ok): 11 archivos | 113 insertados | 1 actualizados | 7 sin cambio === 
[2026-08-15 10:46:33] tablero: 64 personas, 47 viviendas, 4 casos por revisar 
[2026-08-15 10:46:56] === corrida 3 iniciada === 
[2026-08-15 10:46:56] drive: no hay un token guardado en .secrets. Corra este script una vez de forma interactiva para autorizar el acceso (vea el README, seccion "Conexion a Google Drive"). — se omite este paso y se sigue con lo que ya hay en data/entrada 
[2026-08-15 10:46:59] hoja: receptor version 1.4.0, hora del servidor 2026-08-15 10:46:58 
[2026-08-15 10:47:03] hoja: viviendas=0 | personas_hogares=0 | personas=0 | indice=0 | diccionario=0 
[2026-08-15 10:47:04] hoja: viviendas viene vacia; se retira viviendas_hoja.csv 
[2026-08-15 10:47:06] hoja: personas viene vacia; se retira personas_hoja.csv 
[2026-08-15 10:47:06] hoja: 0 de 2 tabla(s) descargada(s) 
[2026-08-15 10:47:06] ingestion: 0 archivo(s) en la carpeta 
[2026-08-15 10:47:06] ingestion: 0 archivo(s) nuevo(s) o modificado(s) 
[2026-08-15 10:47:06] ingestion: 0 archivos | 0 insertados | 0 actualizados | 0 sin cambio 
[2026-08-15 10:47:07] dedup personas: 0 duplicado(s) vigentes, 0 cambio(s) en esta corrida 
[2026-08-15 10:47:07] dedup viviendas: 0 duplicado(s) vigentes, 0 cambio(s) en esta corrida 
[2026-08-15 10:47:07] dedup familias: 0 duplicado(s) vigentes, 0 cambio(s) en esta corrida 
[2026-08-15 10:47:08] matching:  | 0 cambio(s) en esta corrida 
[2026-08-15 10:47:08] consulta: 0 personas, 0 afectaciones, 0 edificaciones, 0 fichas -> ../modules/consulta 
[2026-08-15 10:47:09] tablero: 0 personas, 0 viviendas, 0 casos por revisar 
[2026-08-15 10:47:09] === corrida 3 terminada (ok): 0 archivos | 0 insertados | 0 actualizados | 0 sin cambio === 
[2026-08-15 10:47:39] === corrida 4 iniciada === 
[2026-08-15 10:47:39] ERROR: pipeline/00_conectar_drive.R termino con codigo 127; la corrida se detiene 
[2026-08-15 10:47:39] === corrida 4 terminada (error): 0 archivos | 0 insertados | 0 actualizados | 0 sin cambio === 
[2026-08-15 10:48:49] === corrida 5 iniciada === 
[2026-08-15 10:48:50] drive: no hay un token guardado en .secrets. Corra este script una vez de forma interactiva para autorizar el acceso (vea el README, seccion "Conexion a Google Drive"). — se omite este paso y se sigue con lo que ya hay en data/entrada 
[2026-08-15 10:48:52] hoja: receptor version 1.4.0, hora del servidor 2026-08-15 10:48:51 
[2026-08-15 10:48:57] hoja: viviendas=0 | personas_hogares=0 | personas=0 | indice=0 | diccionario=0 
[2026-08-15 10:49:23] hoja: viviendas viene vacia; se retira viviendas_hoja.csv 
[2026-08-15 10:49:37] hoja: personas viene vacia; se retira personas_hoja.csv 
[2026-08-15 10:49:37] hoja: 0 de 2 tabla(s) descargada(s) 
[2026-08-15 10:49:37] ingestion: 0 archivo(s) en la carpeta 
[2026-08-15 10:49:37] ingestion: 0 archivo(s) nuevo(s) o modificado(s) 
[2026-08-15 10:49:37] ingestion: 0 archivos | 0 insertados | 0 actualizados | 0 sin cambio 
[2026-08-15 10:49:38] dedup personas: 0 duplicado(s) vigentes, 0 cambio(s) en esta corrida 
[2026-08-15 10:49:38] dedup viviendas: 0 duplicado(s) vigentes, 0 cambio(s) en esta corrida 
[2026-08-15 10:49:38] dedup familias: 0 duplicado(s) vigentes, 0 cambio(s) en esta corrida 
[2026-08-15 10:49:38] matching:  | 0 cambio(s) en esta corrida 
[2026-08-15 10:49:39] consulta: 0 personas, 0 afectaciones, 0 edificaciones, 0 fichas -> ../modules/consulta 
[2026-08-15 10:49:39] tablero: 0 personas, 0 viviendas, 0 casos por revisar 
[2026-08-15 10:49:39] === corrida 5 terminada (ok): 0 archivos | 0 insertados | 0 actualizados | 0 sin cambio === 
[2026-08-15 10:59:40] === corrida 6 iniciada === 
[2026-08-15 10:59:41] drive: no hay un token guardado en .secrets. Corra este script una vez de forma interactiva para autorizar el acceso (vea el README, seccion "Conexion a Google Drive"). — se omite este paso y se sigue con lo que ya hay en data/entrada 
[2026-08-15 10:59:43] hoja: receptor version 1.4.0, hora del servidor 2026-08-15 10:59:43 
[2026-08-15 10:59:45] hoja: viviendas=0 | personas_hogares=0 | personas=0 | indice=0 | diccionario=0 
[2026-08-15 10:59:47] hoja: viviendas viene vacia; se retira viviendas_hoja.csv 
[2026-08-15 10:59:48] hoja: personas viene vacia; se retira personas_hoja.csv 
[2026-08-15 10:59:48] hoja: 0 de 2 tabla(s) descargada(s) 
[2026-08-15 10:59:49] ingestion: 0 archivo(s) en la carpeta 
[2026-08-15 10:59:49] ingestion: 0 archivo(s) nuevo(s) o modificado(s) 
[2026-08-15 10:59:49] ingestion: 0 archivos | 0 insertados | 0 actualizados | 0 sin cambio 
[2026-08-15 10:59:50] dedup personas: 0 duplicado(s) vigentes, 0 cambio(s) en esta corrida 
[2026-08-15 10:59:50] dedup viviendas: 0 duplicado(s) vigentes, 0 cambio(s) en esta corrida 
[2026-08-15 10:59:50] dedup familias: 0 duplicado(s) vigentes, 0 cambio(s) en esta corrida 
[2026-08-15 10:59:50] matching:  | 0 cambio(s) en esta corrida 
[2026-08-15 10:59:51] consulta: 0 personas, 0 afectaciones, 0 edificaciones, 0 fichas -> ../modules/consulta 
[2026-08-15 10:59:51] tablero: 0 personas, 0 viviendas, 0 casos por revisar 
[2026-08-15 10:59:51] === corrida 6 terminada (ok): 0 archivos | 0 insertados | 0 actualizados | 0 sin cambio === 
[2026-08-15 11:09:52] === corrida 7 iniciada === 
[2026-08-15 11:09:52] drive: no hay un token guardado en .secrets. Corra este script una vez de forma interactiva para autorizar el acceso (vea el README, seccion "Conexion a Google Drive"). — se omite este paso y se sigue con lo que ya hay en data/entrada 
[2026-08-15 11:09:54] hoja: receptor version 1.4.0, hora del servidor 2026-08-15 11:09:54 
[2026-08-15 11:09:56] hoja: viviendas=0 | personas_hogares=0 | personas=0 | indice=0 | diccionario=0 
[2026-08-15 11:09:57] hoja: viviendas viene vacia; se retira viviendas_hoja.csv 
[2026-08-15 11:09:59] hoja: personas viene vacia; se retira personas_hoja.csv 
[2026-08-15 11:09:59] hoja: 0 de 2 tabla(s) descargada(s) 
[2026-08-15 11:09:59] ingestion: 0 archivo(s) en la carpeta 
[2026-08-15 11:10:00] ingestion: 0 archivo(s) nuevo(s) o modificado(s) 
[2026-08-15 11:10:00] ingestion: 0 archivos | 0 insertados | 0 actualizados | 0 sin cambio 
[2026-08-15 11:10:00] dedup personas: 0 duplicado(s) vigentes, 0 cambio(s) en esta corrida 
[2026-08-15 11:10:00] dedup viviendas: 0 duplicado(s) vigentes, 0 cambio(s) en esta corrida 
[2026-08-15 11:10:00] dedup familias: 0 duplicado(s) vigentes, 0 cambio(s) en esta corrida 
[2026-08-15 11:10:01] matching:  | 0 cambio(s) en esta corrida 
[2026-08-15 11:10:01] consulta: 0 personas, 0 afectaciones, 0 edificaciones, 0 fichas -> ../modules/consulta 
[2026-08-15 11:10:02] tablero: 0 personas, 0 viviendas, 0 casos por revisar 
[2026-08-15 11:10:02] === corrida 7 terminada (ok): 0 archivos | 0 insertados | 0 actualizados | 0 sin cambio === 
[2026-08-15 11:20:05] === corrida 8 iniciada === 
[2026-08-15 11:20:05] drive: no hay un token guardado en .secrets. Corra este script una vez de forma interactiva para autorizar el acceso (vea el README, seccion "Conexion a Google Drive"). — se omite este paso y se sigue con lo que ya hay en data/entrada 
[2026-08-15 11:20:08] hoja: receptor version 1.4.0, hora del servidor 2026-08-15 11:20:07 
[2026-08-15 11:20:09] hoja: viviendas=0 | personas_hogares=0 | personas=0 | indice=0 | diccionario=0 
[2026-08-15 11:20:11] hoja: viviendas viene vacia; se retira viviendas_hoja.csv 
[2026-08-15 11:20:12] hoja: personas viene vacia; se retira personas_hoja.csv 
[2026-08-15 11:20:12] hoja: 0 de 2 tabla(s) descargada(s) 
[2026-08-15 11:20:13] ingestion: 0 archivo(s) en la carpeta 
[2026-08-15 11:20:13] ingestion: 0 archivo(s) nuevo(s) o modificado(s) 
[2026-08-15 11:20:13] ingestion: 0 archivos | 0 insertados | 0 actualizados | 0 sin cambio 
[2026-08-15 11:20:13] dedup personas: 0 duplicado(s) vigentes, 0 cambio(s) en esta corrida 
[2026-08-15 11:20:13] dedup viviendas: 0 duplicado(s) vigentes, 0 cambio(s) en esta corrida 
[2026-08-15 11:20:13] dedup familias: 0 duplicado(s) vigentes, 0 cambio(s) en esta corrida 
[2026-08-15 11:20:14] matching:  | 0 cambio(s) en esta corrida 
[2026-08-15 11:20:15] consulta: 0 personas, 0 afectaciones, 0 edificaciones, 0 fichas -> ../modules/consulta 
[2026-08-15 11:20:15] tablero: 0 personas, 0 viviendas, 0 casos por revisar 
[2026-08-15 11:20:16] === corrida 8 terminada (ok): 0 archivos | 0 insertados | 0 actualizados | 0 sin cambio === 
[2026-08-15 11:30:17] === corrida 9 iniciada === 
[2026-08-15 11:30:17] drive: no hay un token guardado en .secrets. Corra este script una vez de forma interactiva para autorizar el acceso (vea el README, seccion "Conexion a Google Drive"). — se omite este paso y se sigue con lo que ya hay en data/entrada 
[2026-08-15 11:30:20] hoja: receptor version 1.4.0, hora del servidor 2026-08-15 11:30:19 
[2026-08-15 11:30:21] hoja: viviendas=0 | personas_hogares=0 | personas=0 | indice=0 | diccionario=0 
[2026-08-15 11:30:23] hoja: viviendas viene vacia; se retira viviendas_hoja.csv 
[2026-08-15 11:30:24] hoja: personas viene vacia; se retira personas_hoja.csv 
[2026-08-15 11:30:24] hoja: 0 de 2 tabla(s) descargada(s) 
[2026-08-15 11:30:24] ingestion: 0 archivo(s) en la carpeta 
[2026-08-15 11:30:24] ingestion: 0 archivo(s) nuevo(s) o modificado(s) 
[2026-08-15 11:30:24] ingestion: 0 archivos | 0 insertados | 0 actualizados | 0 sin cambio 
[2026-08-15 11:30:25] dedup personas: 0 duplicado(s) vigentes, 0 cambio(s) en esta corrida 
[2026-08-15 11:30:25] dedup viviendas: 0 duplicado(s) vigentes, 0 cambio(s) en esta corrida 
[2026-08-15 11:30:25] dedup familias: 0 duplicado(s) vigentes, 0 cambio(s) en esta corrida 
[2026-08-15 11:30:26] matching:  | 0 cambio(s) en esta corrida 
[2026-08-15 11:30:26] consulta: 0 personas, 0 afectaciones, 0 edificaciones, 0 fichas -> ../modules/consulta 
[2026-08-15 11:30:27] tablero: 0 personas, 0 viviendas, 0 casos por revisar 
[2026-08-15 11:30:27] === corrida 9 terminada (ok): 0 archivos | 0 insertados | 0 actualizados | 0 sin cambio === 
[2026-08-15 11:40:28] === corrida 10 iniciada === 
[2026-08-15 11:40:28] drive: no hay un token guardado en .secrets. Corra este script una vez de forma interactiva para autorizar el acceso (vea el README, seccion "Conexion a Google Drive"). — se omite este paso y se sigue con lo que ya hay en data/entrada 
[2026-08-15 11:40:30] hoja: receptor version 1.4.0, hora del servidor 2026-08-15 11:40:30 
[2026-08-15 11:40:31] hoja: viviendas=0 | personas_hogares=0 | personas=0 | indice=0 | diccionario=0 
[2026-08-15 11:40:33] hoja: viviendas viene vacia; se retira viviendas_hoja.csv 
[2026-08-15 11:40:34] hoja: personas viene vacia; se retira personas_hoja.csv 
[2026-08-15 11:40:34] hoja: 0 de 2 tabla(s) descargada(s) 
[2026-08-15 11:40:35] ingestion: 0 archivo(s) en la carpeta 
[2026-08-15 11:40:35] ingestion: 0 archivo(s) nuevo(s) o modificado(s) 
[2026-08-15 11:40:35] ingestion: 0 archivos | 0 insertados | 0 actualizados | 0 sin cambio 
[2026-08-15 11:40:36] dedup personas: 0 duplicado(s) vigentes, 0 cambio(s) en esta corrida 
[2026-08-15 11:40:36] dedup viviendas: 0 duplicado(s) vigentes, 0 cambio(s) en esta corrida 
[2026-08-15 11:40:36] dedup familias: 0 duplicado(s) vigentes, 0 cambio(s) en esta corrida 
[2026-08-15 11:40:36] matching:  | 0 cambio(s) en esta corrida 
[2026-08-15 11:40:37] consulta: 0 personas, 0 afectaciones, 0 edificaciones, 0 fichas -> ../modules/consulta 
[2026-08-15 11:40:37] tablero: 0 personas, 0 viviendas, 0 casos por revisar 
[2026-08-15 11:40:37] === corrida 10 terminada (ok): 0 archivos | 0 insertados | 0 actualizados | 0 sin cambio === 
[2026-08-15 11:50:38] === corrida 11 iniciada === 
[2026-08-15 11:50:39] drive: no hay un token guardado en .secrets. Corra este script una vez de forma interactiva para autorizar el acceso (vea el README, seccion "Conexion a Google Drive"). — se omite este paso y se sigue con lo que ya hay en data/entrada 
[2026-08-15 11:50:41] hoja: receptor version 1.5.0, hora del servidor 2026-08-15 11:50:40 
[2026-08-15 11:50:42] hoja: viviendas=0 | afectaciones=0 | personas_hogares=0 | personas=0 | indice=0 | diccionario=0 
[2026-08-15 11:50:44] hoja: viviendas viene vacia; se retira viviendas_hoja.csv 
[2026-08-15 11:50:45] hoja: personas viene vacia; se retira personas_hoja.csv 
[2026-08-15 11:50:45] hoja: 0 de 2 tabla(s) descargada(s) 
[2026-08-15 11:50:46] ingestion: 0 archivo(s) en la carpeta 
[2026-08-15 11:50:46] ingestion: 0 archivo(s) nuevo(s) o modificado(s) 
[2026-08-15 11:50:46] ingestion: 0 archivos | 0 insertados | 0 actualizados | 0 sin cambio 
[2026-08-15 11:50:46] dedup personas: 0 duplicado(s) vigentes, 0 cambio(s) en esta corrida 
[2026-08-15 11:50:46] dedup viviendas: 0 duplicado(s) vigentes, 0 cambio(s) en esta corrida 
[2026-08-15 11:50:46] dedup familias: 0 duplicado(s) vigentes, 0 cambio(s) en esta corrida 
[2026-08-15 11:50:47] matching:  | 0 cambio(s) en esta corrida 
[2026-08-15 11:50:47] consulta: 0 personas, 0 afectaciones, 0 edificaciones, 0 fichas -> ../modules/consulta 
[2026-08-15 11:50:48] tablero: 0 personas, 0 viviendas, 0 casos por revisar 
[2026-08-15 11:50:48] === corrida 11 terminada (ok): 0 archivos | 0 insertados | 0 actualizados | 0 sin cambio === 
[2026-08-15 12:00:49] === corrida 12 iniciada === 
[2026-08-15 12:00:49] drive: no hay un token guardado en .secrets. Corra este script una vez de forma interactiva para autorizar el acceso (vea el README, seccion "Conexion a Google Drive"). — se omite este paso y se sigue con lo que ya hay en data/entrada 
[2026-08-15 12:00:51] hoja: receptor version 1.5.0, hora del servidor 2026-08-15 12:00:51 
[2026-08-15 12:00:52] hoja: viviendas=0 | afectaciones=0 | personas_hogares=0 | personas=0 | indice=0 | diccionario=0 
[2026-08-15 12:00:54] hoja: viviendas viene vacia; se retira viviendas_hoja.csv 
[2026-08-15 12:00:56] hoja: personas viene vacia; se retira personas_hoja.csv 
[2026-08-15 12:00:56] hoja: 0 de 2 tabla(s) descargada(s) 
[2026-08-15 12:00:56] ingestion: 0 archivo(s) en la carpeta 
[2026-08-15 12:00:56] ingestion: 0 archivo(s) nuevo(s) o modificado(s) 
[2026-08-15 12:00:56] ingestion: 0 archivos | 0 insertados | 0 actualizados | 0 sin cambio 
[2026-08-15 12:00:57] dedup personas: 0 duplicado(s) vigentes, 0 cambio(s) en esta corrida 
[2026-08-15 12:00:57] dedup viviendas: 0 duplicado(s) vigentes, 0 cambio(s) en esta corrida 
[2026-08-15 12:00:57] dedup familias: 0 duplicado(s) vigentes, 0 cambio(s) en esta corrida 
[2026-08-15 12:00:57] matching:  | 0 cambio(s) en esta corrida 
[2026-08-15 12:00:58] consulta: 0 personas, 0 afectaciones, 0 edificaciones, 0 fichas -> ../modules/consulta 
[2026-08-15 12:00:58] tablero: 0 personas, 0 viviendas, 0 casos por revisar 
[2026-08-15 12:00:58] === corrida 12 terminada (ok): 0 archivos | 0 insertados | 0 actualizados | 0 sin cambio === 
[2026-08-15 12:05:21] ingestion: 12 archivo(s) en la carpeta 
[2026-08-15 12:05:21] ingestion: 12 archivo(s) nuevo(s) o modificado(s) 
[2026-08-15 12:05:21] afectaciones_prueba.xlsx: procesado (1 filas) 
[2026-08-15 12:05:21] personas_gestion_riesgo_20260813_0800.xlsx: procesado (5 filas) 
[2026-08-15 12:05:21] personas_gestion_riesgo_20260814_0800.xlsx: procesado (6 filas) 
[2026-08-15 12:05:21] personas_gestion_riesgo_20260815_0900.xlsx: procesado (2 filas) 
[2026-08-15 12:05:21] personas_jornada4_20260816_0700.xlsx: procesado (55 filas) 
[2026-08-15 12:05:21] personas_vivienda_20260813.xlsx: procesado (2 filas) 
[2026-08-15 12:05:21] viviendas_app_real_20260814.csv: procesado (20 filas) 
[2026-08-15 12:05:21] viviendas_gestion_riesgo_20260813_0800.xlsx: procesado (3 filas) 
[2026-08-15 12:05:21] viviendas_gestion_riesgo_20260814_0800.xlsx: procesado (4 filas) 
[2026-08-15 12:05:21] viviendas_gestion_riesgo_20260815_0900.xlsx: procesado (1 filas) 
[2026-08-15 12:05:21] viviendas_jornada4_20260816_0700.xlsx: procesado (20 filas) 
[2026-08-15 12:05:22] viviendas_vivienda_20260813.xlsx: procesado (3 filas) 
[2026-08-15 12:05:22] ingestion: 12 archivos | 114 insertados | 1 actualizados | 7 sin cambio 
[2026-08-15 12:05:44] consulta: 65 personas, 27 hogares, 48 edificaciones, 1 afectaciones, 114 fichas -> ../modules/consulta 
[2026-08-15 12:10:59] === corrida 13 iniciada === 
[2026-08-15 12:10:59] drive: no hay un token guardado en .secrets. Corra este script una vez de forma interactiva para autorizar el acceso (vea el README, seccion "Conexion a Google Drive"). — se omite este paso y se sigue con lo que ya hay en data/entrada 
[2026-08-15 12:11:02] hoja: receptor version 1.5.0, hora del servidor 2026-08-15 12:11:01 
[2026-08-15 12:11:03] hoja: viviendas=0 | afectaciones=0 | personas_hogares=0 | personas=0 | indice=0 | diccionario=0 
[2026-08-15 12:11:04] hoja: viviendas viene vacia; se retira viviendas_hoja.csv 
[2026-08-15 12:11:06] hoja: afectaciones viene vacia; se retira afectaciones_hoja.csv 
[2026-08-15 12:11:07] hoja: personas viene vacia; se retira personas_hoja.csv 
[2026-08-15 12:11:07] hoja: 0 de 3 tabla(s) descargada(s) 
[2026-08-15 12:11:07] ingestion: 0 archivo(s) en la carpeta 
[2026-08-15 12:11:07] ingestion: 0 archivo(s) nuevo(s) o modificado(s) 
[2026-08-15 12:11:08] ingestion: 0 archivos | 0 insertados | 0 actualizados | 0 sin cambio 
[2026-08-15 12:11:08] dedup personas: 0 duplicado(s) vigentes, 0 cambio(s) en esta corrida 
[2026-08-15 12:11:08] dedup viviendas: 0 duplicado(s) vigentes, 0 cambio(s) en esta corrida 
[2026-08-15 12:11:08] dedup familias: 0 duplicado(s) vigentes, 0 cambio(s) en esta corrida 
[2026-08-15 12:11:09] matching:  | 0 cambio(s) en esta corrida 
[2026-08-15 12:11:09] consulta: 0 personas, 0 hogares, 0 edificaciones, 0 afectaciones, 0 fichas -> ../modules/consulta 
[2026-08-15 12:11:10] tablero: 0 personas, 0 viviendas, 0 casos por revisar 
[2026-08-15 12:11:10] === corrida 13 terminada (ok): 0 archivos | 0 insertados | 0 actualizados | 0 sin cambio === 
[2026-08-15 12:11:28] === corrida 1 iniciada === 
[2026-08-15 12:11:28] drive: conexion desactivada (CONECTAR_DRIVE = FALSE); se omite 
[2026-08-15 12:11:29] hoja: conexion desactivada (CONECTAR_HOJA = FALSE); se omite 
[2026-08-15 12:11:29] ingestion: 12 archivo(s) en la carpeta 
[2026-08-15 12:11:29] ingestion: 12 archivo(s) nuevo(s) o modificado(s) 
[2026-08-15 12:11:30] afectaciones_prueba.xlsx: procesado (1 filas) 
[2026-08-15 12:11:30] personas_gestion_riesgo_20260813_0800.xlsx: procesado (5 filas) 
[2026-08-15 12:11:30] personas_gestion_riesgo_20260814_0800.xlsx: procesado (6 filas) 
[2026-08-15 12:11:30] personas_gestion_riesgo_20260815_0900.xlsx: procesado (2 filas) 
[2026-08-15 12:11:30] personas_jornada4_20260816_0700.xlsx: procesado (55 filas) 
[2026-08-15 12:11:30] personas_vivienda_20260813.xlsx: procesado (2 filas) 
[2026-08-15 12:11:30] viviendas_app_real_20260814.csv: procesado (20 filas) 
[2026-08-15 12:11:30] viviendas_gestion_riesgo_20260813_0800.xlsx: procesado (3 filas) 
[2026-08-15 12:11:30] viviendas_gestion_riesgo_20260814_0800.xlsx: procesado (4 filas) 
[2026-08-15 12:11:30] viviendas_gestion_riesgo_20260815_0900.xlsx: procesado (1 filas) 
[2026-08-15 12:11:30] viviendas_jornada4_20260816_0700.xlsx: procesado (20 filas) 
[2026-08-15 12:11:30] viviendas_vivienda_20260813.xlsx: procesado (3 filas) 
[2026-08-15 12:11:30] ingestion: 12 archivos | 114 insertados | 1 actualizados | 7 sin cambio 
[2026-08-15 12:11:31] dedup personas: 1 duplicado(s) vigentes, 1 cambio(s) en esta corrida 
[2026-08-15 12:11:31] dedup viviendas: 1 duplicado(s) vigentes, 1 cambio(s) en esta corrida 
[2026-08-15 12:11:31] dedup familias: 0 duplicado(s) vigentes, 0 cambio(s) en esta corrida 
[2026-08-15 12:11:31] match PER-J1-A: (nuevo) -> matched_hogar (VIV-J1-A) 
[2026-08-15 12:11:31] match PER-J1-B: (nuevo) -> matched_cedula (VIV-J1-B) 
[2026-08-15 12:11:31] match PER-J1-D: (nuevo) -> no_match 
[2026-08-15 12:11:31] match PER-J1-I: (nuevo) -> matched_cedula (VIV-J1-C) 
[2026-08-15 12:11:31] match PER-J2-G: (nuevo) -> matched_hogar (VIV-J2-G) 
[2026-08-15 12:11:31] match PER-J3-K: (nuevo) -> matched_hogar (VIV-J3-K) 
[2026-08-15 12:11:31] match PER-J4-01: (nuevo) -> matched_hogar (VIV-J4-01) 
[2026-08-15 12:11:31] match PER-J4-02: (nuevo) -> matched_hogar (VIV-J4-02) 
[2026-08-15 12:11:31] match PER-J4-03: (nuevo) -> matched_hogar (VIV-J4-03) 
[2026-08-15 12:11:31] match PER-J4-04: (nuevo) -> matched_hogar (VIV-J4-04) 
[2026-08-15 12:11:31] match PER-J4-05: (nuevo) -> matched_hogar (VIV-J4-05) 
[2026-08-15 12:11:31] match PER-J4-06: (nuevo) -> matched_hogar (VIV-J4-06) 
[2026-08-15 12:11:31] match PER-J4-07: (nuevo) -> matched_hogar (VIV-J4-07) 
[2026-08-15 12:11:31] match PER-J4-08: (nuevo) -> matched_hogar (VIV-J4-08) 
[2026-08-15 12:11:31] match PER-J4-09: (nuevo) -> matched_hogar (VIV-J4-09) 
[2026-08-15 12:11:31] match PER-J4-10: (nuevo) -> matched_hogar (VIV-J4-10) 
[2026-08-15 12:11:31] match PER-J4-11: (nuevo) -> matched_hogar (VIV-J4-11) 
[2026-08-15 12:11:31] match PER-J4-12: (nuevo) -> matched_hogar (VIV-J4-12) 
[2026-08-15 12:11:31] match PER-J4-13: (nuevo) -> matched_hogar (VIV-J4-13) 
[2026-08-15 12:11:31] match PER-J4-14: (nuevo) -> matched_hogar (VIV-J4-14) 
[2026-08-15 12:11:31] match PER-J4-15: (nuevo) -> matched_hogar (VIV-J4-15) 
[2026-08-15 12:11:31] match PER-J4-16: (nuevo) -> matched_hogar (VIV-J4-16) 
[2026-08-15 12:11:31] match PER-J4-17: (nuevo) -> matched_hogar (VIV-J4-17) 
[2026-08-15 12:11:31] match PER-J4-18: (nuevo) -> matched_hogar (VIV-J4-18) 
[2026-08-15 12:11:31] match PER-J4-19: (nuevo) -> matched_hogar (VIV-J4-19) 
[2026-08-15 12:11:31] match PER-J4-20: (nuevo) -> matched_hogar (VIV-J4-20) 
[2026-08-15 12:11:31] match PER-J1-F: (nuevo) -> ambiguous 
[2026-08-15 12:11:31] matching: ambiguous=1 | matched_cedula=2 | matched_hogar=23 | no_match=1 | 27 cambio(s) en esta corrida 
[2026-08-15 12:11:32] consulta: 65 personas, 27 hogares, 48 edificaciones, 1 afectaciones, 114 fichas -> ../modules/consulta 
[2026-08-15 12:11:32] tablero: 64 personas, 47 viviendas, 4 casos por revisar 
[2026-08-15 12:11:32] === corrida 1 terminada (ok): 12 archivos | 114 insertados | 1 actualizados | 7 sin cambio === 
[2026-08-15 12:21:10] === corrida 14 iniciada === 
[2026-08-15 12:21:11] drive: no hay un token guardado en .secrets. Corra este script una vez de forma interactiva para autorizar el acceso (vea el README, seccion "Conexion a Google Drive"). — se omite este paso y se sigue con lo que ya hay en data/entrada 
[2026-08-15 12:21:13] hoja: receptor version 1.5.0, hora del servidor 2026-08-15 12:21:13 
[2026-08-15 12:21:15] hoja: viviendas=0 | afectaciones=0 | personas_hogares=0 | personas=0 | indice=0 | diccionario=0 
[2026-08-15 12:21:16] hoja: viviendas viene vacia; se retira viviendas_hoja.csv 
[2026-08-15 12:21:17] hoja: afectaciones viene vacia; se retira afectaciones_hoja.csv 
[2026-08-15 12:21:19] hoja: personas viene vacia; se retira personas_hoja.csv 
[2026-08-15 12:21:19] hoja: 0 de 3 tabla(s) descargada(s) 
[2026-08-15 12:21:19] ingestion: 0 archivo(s) en la carpeta 
[2026-08-15 12:21:19] ingestion: 0 archivo(s) nuevo(s) o modificado(s) 
[2026-08-15 12:21:20] ingestion: 0 archivos | 0 insertados | 0 actualizados | 0 sin cambio 
[2026-08-15 12:21:20] dedup personas: 0 duplicado(s) vigentes, 0 cambio(s) en esta corrida 
[2026-08-15 12:21:20] dedup viviendas: 0 duplicado(s) vigentes, 0 cambio(s) en esta corrida 
[2026-08-15 12:21:20] dedup familias: 0 duplicado(s) vigentes, 0 cambio(s) en esta corrida 
[2026-08-15 12:21:21] matching:  | 0 cambio(s) en esta corrida 
[2026-08-15 12:21:21] consulta: 0 personas, 0 hogares, 0 edificaciones, 0 afectaciones, 0 fichas -> ../modules/consulta 
[2026-08-15 12:21:22] tablero: 0 personas, 0 viviendas, 0 casos por revisar 
[2026-08-15 12:21:22] === corrida 14 terminada (ok): 0 archivos | 0 insertados | 0 actualizados | 0 sin cambio === 
[2026-08-15 12:23:27] consulta: 0 personas, 0 hogares, 0 edificaciones, 0 afectaciones, 0 fichas -> ../modules/consulta 
[2026-08-15 12:23:28] tablero: 0 personas, 0 viviendas, 0 casos por revisar 
[2026-08-15 12:48:29] === corrida 15 iniciada === 
[2026-08-15 12:48:30] drive: no hay un token guardado en .secrets. Corra este script una vez de forma interactiva para autorizar el acceso (vea el README, seccion "Conexion a Google Drive"). — se omite este paso y se sigue con lo que ya hay en data/entrada 
[2026-08-15 12:48:32] hoja: receptor version 1.5.0, hora del servidor 2026-08-15 12:48:31 
[2026-08-15 12:48:34] hoja: viviendas=1 | afectaciones=1 | personas_hogares=1 | personas=1 | indice=3 | diccionario=0 
[2026-08-15 12:48:36] hoja: viviendas -> viviendas_hoja.csv (1 filas, 221 columnas) 
[2026-08-15 12:48:37] hoja: afectaciones -> afectaciones_hoja.csv (1 filas, 67 columnas) 
[2026-08-15 12:48:38] hoja: personas -> personas_hoja.csv (1 filas, 64 columnas) 
[2026-08-15 12:48:38] hoja: 3 de 3 tabla(s) descargada(s) 
[2026-08-15 12:48:39] ingestion: 3 archivo(s) en la carpeta 
[2026-08-15 12:48:39] ingestion: 3 archivo(s) nuevo(s) o modificado(s) 
[2026-08-15 12:48:39] afectaciones_hoja.csv: procesado (1 filas) 
[2026-08-15 12:48:39] personas_hoja.csv: procesado (1 filas) 
[2026-08-15 12:48:39] viviendas_hoja.csv: procesado (1 filas) 
[2026-08-15 12:48:39] ingestion: 3 archivos | 3 insertados | 0 actualizados | 0 sin cambio 
[2026-08-15 12:48:40] dedup personas: 0 duplicado(s) vigentes, 0 cambio(s) en esta corrida 
[2026-08-15 12:48:40] dedup viviendas: 0 duplicado(s) vigentes, 0 cambio(s) en esta corrida 
[2026-08-15 12:48:40] dedup familias: 0 duplicado(s) vigentes, 0 cambio(s) en esta corrida 
[2026-08-15 12:48:40] match PER-20260815-CJVP4L: (nuevo) -> matched_hogar (VIV-20260815-4JRZYX) 
[2026-08-15 12:48:40] matching: matched_hogar=1 | 1 cambio(s) en esta corrida 
[2026-08-15 12:48:41] consulta: 1 personas, 1 hogares, 1 edificaciones, 1 afectaciones, 3 fichas -> ../modules/consulta 
[2026-08-15 12:48:41] tablero: 1 personas, 1 viviendas, 0 casos por revisar 
[2026-08-15 12:48:41] === corrida 15 terminada (ok): 3 archivos | 3 insertados | 0 actualizados | 0 sin cambio === 
[2026-08-15 13:11:47] ingestion: 3 archivo(s) en la carpeta 
[2026-08-15 13:11:47] ingestion: 0 archivo(s) nuevo(s) o modificado(s) 
[2026-08-15 13:11:47] ingestion: 0 archivos | 0 insertados | 0 actualizados | 0 sin cambio 
[2026-08-15 13:12:37] ingestion: 3 archivo(s) en la carpeta 
[2026-08-15 13:12:37] ingestion: 3 archivo(s) nuevo(s) o modificado(s) 
[2026-08-15 13:12:37] afectaciones_hoja.csv: procesado (1 filas) 
[2026-08-15 13:12:37] personas_hoja.csv: procesado (1 filas) 
[2026-08-15 13:12:37] viviendas_hoja.csv: procesado (1 filas) 
[2026-08-15 13:12:37] ingestion: 3 archivos | 0 insertados | 2 actualizados | 1 sin cambio 
[2026-08-15 13:12:44] ingestion: 3 archivo(s) en la carpeta 
[2026-08-15 13:12:44] ingestion: 3 archivo(s) nuevo(s) o modificado(s) 
[2026-08-15 13:12:45] afectaciones_hoja.csv: procesado (1 filas) 
[2026-08-15 13:12:45] personas_hoja.csv: procesado (1 filas) 
[2026-08-15 13:12:45] viviendas_hoja.csv: procesado (1 filas) 
[2026-08-15 13:12:45] ingestion: 3 archivos | 0 insertados | 2 actualizados | 1 sin cambio 
[2026-08-15 13:13:12] ingestion: 3 archivo(s) en la carpeta 
[2026-08-15 13:13:12] ingestion: 3 archivo(s) nuevo(s) o modificado(s) 
[2026-08-15 13:13:12] DIAG afectaciones AFE-20260815-BXEUSE: latitud 
[2026-08-15 13:13:12] afectaciones_hoja.csv: procesado (1 filas) 
[2026-08-15 13:13:12] personas_hoja.csv: procesado (1 filas) 
[2026-08-15 13:13:12] DIAG viviendas VIV-20260815-4JRZYX: latitud, longitud 
[2026-08-15 13:13:12] viviendas_hoja.csv: procesado (1 filas) 
[2026-08-15 13:13:12] ingestion: 3 archivos | 0 insertados | 2 actualizados | 1 sin cambio 
[2026-08-15 13:13:37] ingestion: 3 archivo(s) en la carpeta 
[2026-08-15 13:13:37] ingestion: 3 archivo(s) nuevo(s) o modificado(s) 
[2026-08-15 13:13:38] DIAG afectaciones latitud | guardado=[3.358] llega=[3.358000] 
[2026-08-15 13:13:38] afectaciones_hoja.csv: procesado (1 filas) 
[2026-08-15 13:13:38] personas_hoja.csv: procesado (1 filas) 
[2026-08-15 13:13:38] DIAG viviendas latitud | guardado=[3.34534] llega=[3.345340] 
[2026-08-15 13:13:38] DIAG viviendas longitud | guardado=[-76.53081] llega=[-76.530810] 
[2026-08-15 13:13:38] viviendas_hoja.csv: procesado (1 filas) 
[2026-08-15 13:13:38] ingestion: 3 archivos | 0 insertados | 2 actualizados | 1 sin cambio 
[2026-08-15 13:14:21] ingestion: 3 archivo(s) en la carpeta 
[2026-08-15 13:14:21] ingestion: 3 archivo(s) nuevo(s) o modificado(s) 
[2026-08-15 13:14:21] afectaciones_hoja.csv: procesado (1 filas) 
[2026-08-15 13:14:21] personas_hoja.csv: procesado (1 filas) 
[2026-08-15 13:14:21] viviendas_hoja.csv: procesado (1 filas) 
[2026-08-15 13:14:21] ingestion: 3 archivos | 0 insertados | 0 actualizados | 3 sin cambio 
[2026-08-15 13:14:22] ingestion: 3 archivo(s) en la carpeta 
[2026-08-15 13:14:22] ingestion: 3 archivo(s) nuevo(s) o modificado(s) 
[2026-08-15 13:14:22] afectaciones_hoja.csv: procesado (1 filas) 
[2026-08-15 13:14:22] personas_hoja.csv: procesado (1 filas) 
[2026-08-15 13:14:22] viviendas_hoja.csv: procesado (1 filas) 
[2026-08-15 13:14:22] ingestion: 3 archivos | 0 insertados | 0 actualizados | 3 sin cambio 
[2026-08-15 13:14:30] dedup personas: 0 duplicado(s) vigentes, 0 cambio(s) en esta corrida 
[2026-08-15 13:14:30] dedup viviendas: 0 duplicado(s) vigentes, 0 cambio(s) en esta corrida 
[2026-08-15 13:14:30] dedup familias: 0 duplicado(s) vigentes, 0 cambio(s) en esta corrida 
[2026-08-15 13:14:30] dedup afectaciones: 0 duplicado(s) vigentes, 0 cambio(s) en esta corrida 
[2026-08-15 13:14:31] matching: matched_hogar=1 | 0 cambio(s) en esta corrida 
[2026-08-15 13:14:31] cruce direccion: 0 pareja(s) sobre 0 afectacion(es) | 0 nueva(s), 0 retirada(s) 
