[2026-08-13 10:50:09] === corrida 1 iniciada === 
[2026-08-13 10:50:10] ingestion: 4 archivo(s) en la carpeta 
[2026-08-13 10:50:10] ingestion: 4 archivo(s) nuevo(s) o modificado(s) 
[2026-08-13 10:50:10] personas_gestion_riesgo_20260813_0800.xlsx: procesado (4 filas) 
[2026-08-13 10:50:10] personas_vivienda_20260813.xlsx: procesado (2 filas) 
[2026-08-13 10:50:10] viviendas_gestion_riesgo_20260813_0800.xlsx: procesado (3 filas) 
[2026-08-13 10:50:10] viviendas_vivienda_20260813.xlsx: procesado (2 filas) 
[2026-08-13 10:50:10] ingestion: 4 archivos | 11 insertados | 0 actualizados | 0 sin cambio 
[2026-08-13 10:50:11] dedup personas: 1 duplicado(s) vigentes, 1 cambio(s) en esta corrida 
[2026-08-13 10:50:11] dedup viviendas: 1 duplicado(s) vigentes, 1 cambio(s) en esta corrida 
[2026-08-13 10:50:11] dedup familias: 0 duplicado(s) vigentes, 0 cambio(s) en esta corrida 
[2026-08-13 10:50:11] match PER-J1-A: (nuevo) -> matched_hogar (VIV-J1-A) 
[2026-08-13 10:50:11] match PER-J1-B: (nuevo) -> matched_cedula (VIV-J1-B) 
[2026-08-13 10:50:11] match PER-J1-D: (nuevo) -> no_match 
[2026-08-13 10:50:11] match PER-J1-F: (nuevo) -> matched_cedula (VIV-J1-E) 
[2026-08-13 10:50:11] matching: matched_cedula=2 | matched_hogar=1 | no_match=1 | 4 cambio(s) en esta corrida 
[2026-08-13 10:50:11] === corrida 1 terminada (ok): 4 archivos | 11 insertados | 0 actualizados | 0 sin cambio === 
[2026-08-13 10:51:01] === corrida 2 iniciada === 
[2026-08-13 10:51:01] ingestion: 6 archivo(s) en la carpeta 
[2026-08-13 10:51:01] ingestion: 3 archivo(s) nuevo(s) o modificado(s) 
[2026-08-13 10:51:01] personas_gestion_riesgo_20260814_0800.xlsx: procesado (5 filas) 
[2026-08-13 10:51:01] viviendas_gestion_riesgo_20260814_0800.xlsx: procesado (4 filas) 
[2026-08-13 10:51:01] viviendas_vivienda_20260813.xlsx: procesado (3 filas) 
[2026-08-13 10:51:01] ingestion: 3 archivos | 3 insertados | 1 actualizados | 8 sin cambio 
[2026-08-13 10:51:02] dedup personas: 1 duplicado(s) vigentes, 0 cambio(s) en esta corrida 
[2026-08-13 10:51:02] dedup viviendas: 1 duplicado(s) vigentes, 0 cambio(s) en esta corrida 
[2026-08-13 10:51:02] dedup familias: 0 duplicado(s) vigentes, 0 cambio(s) en esta corrida 
[2026-08-13 10:51:03] match PER-J1-F: matched_cedula -> ambiguous 
[2026-08-13 10:51:03] match PER-J2-G: (nuevo) -> matched_hogar (VIV-J2-G) 
[2026-08-13 10:51:03] matching: ambiguous=1 | matched_cedula=1 | matched_hogar=2 | no_match=1 | 2 cambio(s) en esta corrida 
[2026-08-13 10:51:03] === corrida 2 terminada (ok): 3 archivos | 3 insertados | 1 actualizados | 8 sin cambio === 
[2026-08-13 10:51:20] === corrida 3 iniciada === 
[2026-08-13 10:51:20] ingestion: 6 archivo(s) en la carpeta 
[2026-08-13 10:51:20] ingestion: 0 archivo(s) nuevo(s) o modificado(s) 
[2026-08-13 10:51:21] ingestion: 0 archivos | 0 insertados | 0 actualizados | 0 sin cambio 
[2026-08-13 10:51:21] dedup personas: 1 duplicado(s) vigentes, 0 cambio(s) en esta corrida 
[2026-08-13 10:51:21] dedup viviendas: 1 duplicado(s) vigentes, 0 cambio(s) en esta corrida 
[2026-08-13 10:51:21] dedup familias: 0 duplicado(s) vigentes, 0 cambio(s) en esta corrida 
[2026-08-13 10:51:22] matching: ambiguous=1 | matched_cedula=1 | matched_hogar=2 | no_match=1 | 0 cambio(s) en esta corrida 
[2026-08-13 10:51:22] === corrida 3 terminada (ok): 0 archivos | 0 insertados | 0 actualizados | 0 sin cambio === 
[2026-08-13 10:59:35] === corrida 1 iniciada === 
[2026-08-13 10:59:36] ingestion: 4 archivo(s) en la carpeta 
[2026-08-13 10:59:36] ingestion: 4 archivo(s) nuevo(s) o modificado(s) 
[2026-08-13 10:59:36] personas_gestion_riesgo_20260813_0800.xlsx: procesado (5 filas) 
[2026-08-13 10:59:36] personas_vivienda_20260813.xlsx: procesado (2 filas) 
[2026-08-13 10:59:36] viviendas_gestion_riesgo_20260813_0800.xlsx: procesado (3 filas) 
[2026-08-13 10:59:36] viviendas_vivienda_20260813.xlsx: procesado (2 filas) 
[2026-08-13 10:59:36] ingestion: 4 archivos | 12 insertados | 0 actualizados | 0 sin cambio 
[2026-08-13 10:59:36] dedup personas: 1 duplicado(s) vigentes, 1 cambio(s) en esta corrida 
[2026-08-13 10:59:36] dedup viviendas: 1 duplicado(s) vigentes, 1 cambio(s) en esta corrida 
[2026-08-13 10:59:36] dedup familias: 0 duplicado(s) vigentes, 0 cambio(s) en esta corrida 
[2026-08-13 10:59:37] match PER-J1-A: (nuevo) -> matched_hogar (VIV-J1-A) 
[2026-08-13 10:59:37] match PER-J1-B: (nuevo) -> matched_cedula (VIV-J1-B) 
[2026-08-13 10:59:37] match PER-J1-D: (nuevo) -> no_match 
[2026-08-13 10:59:37] match PER-J1-I: (nuevo) -> matched_cedula (VIV-J1-C) 
[2026-08-13 10:59:37] match PER-J1-F: (nuevo) -> matched_cedula (VIV-J1-E) 
[2026-08-13 10:59:37] matching: matched_cedula=3 | matched_hogar=1 | no_match=1 | 5 cambio(s) en esta corrida 
[2026-08-13 10:59:37] === corrida 1 terminada (ok): 4 archivos | 12 insertados | 0 actualizados | 0 sin cambio === 
[2026-08-13 10:59:45] === corrida 2 iniciada === 
[2026-08-13 10:59:45] ingestion: 6 archivo(s) en la carpeta 
[2026-08-13 10:59:45] ingestion: 3 archivo(s) nuevo(s) o modificado(s) 
[2026-08-13 10:59:45] personas_gestion_riesgo_20260814_0800.xlsx: procesado (6 filas) 
[2026-08-13 10:59:45] viviendas_gestion_riesgo_20260814_0800.xlsx: procesado (4 filas) 
[2026-08-13 10:59:45] viviendas_vivienda_20260813.xlsx: procesado (3 filas) 
[2026-08-13 10:59:45] ingestion: 3 archivos | 3 insertados | 1 actualizados | 9 sin cambio 
[2026-08-13 10:59:46] dedup personas: 1 duplicado(s) vigentes, 0 cambio(s) en esta corrida 
[2026-08-13 10:59:46] dedup viviendas: 1 duplicado(s) vigentes, 0 cambio(s) en esta corrida 
[2026-08-13 10:59:46] dedup familias: 0 duplicado(s) vigentes, 0 cambio(s) en esta corrida 
[2026-08-13 10:59:46] match PER-J1-F: matched_cedula -> ambiguous 
[2026-08-13 10:59:46] match PER-J2-G: (nuevo) -> matched_hogar (VIV-J2-G) 
[2026-08-13 10:59:46] matching: ambiguous=1 | matched_cedula=2 | matched_hogar=2 | no_match=1 | 2 cambio(s) en esta corrida 
[2026-08-13 10:59:46] === corrida 2 terminada (ok): 3 archivos | 3 insertados | 1 actualizados | 9 sin cambio === 
[2026-08-13 10:59:47] === corrida 3 iniciada === 
[2026-08-13 10:59:47] ingestion: 6 archivo(s) en la carpeta 
[2026-08-13 10:59:47] ingestion: 0 archivo(s) nuevo(s) o modificado(s) 
[2026-08-13 10:59:47] ingestion: 0 archivos | 0 insertados | 0 actualizados | 0 sin cambio 
[2026-08-13 10:59:48] dedup personas: 1 duplicado(s) vigentes, 0 cambio(s) en esta corrida 
[2026-08-13 10:59:48] dedup viviendas: 1 duplicado(s) vigentes, 0 cambio(s) en esta corrida 
[2026-08-13 10:59:48] dedup familias: 0 duplicado(s) vigentes, 0 cambio(s) en esta corrida 
[2026-08-13 10:59:48] matching: ambiguous=1 | matched_cedula=2 | matched_hogar=2 | no_match=1 | 0 cambio(s) en esta corrida 
[2026-08-13 10:59:48] === corrida 3 terminada (ok): 0 archivos | 0 insertados | 0 actualizados | 0 sin cambio === 
[2026-08-13 11:18:46] === corrida 1 iniciada === 
[2026-08-13 11:18:47] ingestion: 4 archivo(s) en la carpeta 
[2026-08-13 11:18:47] ingestion: 4 archivo(s) nuevo(s) o modificado(s) 
[2026-08-13 11:18:47] personas_gestion_riesgo_20260813_0800.xlsx: procesado (5 filas) 
[2026-08-13 11:18:47] personas_vivienda_20260813.xlsx: procesado (2 filas) 
[2026-08-13 11:18:47] viviendas_gestion_riesgo_20260813_0800.xlsx: procesado (3 filas) 
[2026-08-13 11:18:47] viviendas_vivienda_20260813.xlsx: procesado (2 filas) 
[2026-08-13 11:18:47] ingestion: 4 archivos | 12 insertados | 0 actualizados | 0 sin cambio 
[2026-08-13 11:18:48] dedup personas: 1 duplicado(s) vigentes, 1 cambio(s) en esta corrida 
[2026-08-13 11:18:48] dedup viviendas: 1 duplicado(s) vigentes, 1 cambio(s) en esta corrida 
[2026-08-13 11:18:48] dedup familias: 0 duplicado(s) vigentes, 0 cambio(s) en esta corrida 
[2026-08-13 11:18:48] match PER-J1-A: (nuevo) -> matched_hogar (VIV-J1-A) 
[2026-08-13 11:18:48] match PER-J1-B: (nuevo) -> matched_cedula (VIV-J1-B) 
[2026-08-13 11:18:48] match PER-J1-D: (nuevo) -> no_match 
[2026-08-13 11:18:48] match PER-J1-I: (nuevo) -> matched_cedula (VIV-J1-C) 
[2026-08-13 11:18:48] match PER-J1-F: (nuevo) -> matched_cedula (VIV-J1-E) 
[2026-08-13 11:18:48] matching: matched_cedula=3 | matched_hogar=1 | no_match=1 | 5 cambio(s) en esta corrida 
[2026-08-13 11:18:48] === corrida 1 terminada (ok): 4 archivos | 12 insertados | 0 actualizados | 0 sin cambio === 
[2026-08-13 11:18:57] === corrida 2 iniciada === 
[2026-08-13 11:18:58] ingestion: 6 archivo(s) en la carpeta 
[2026-08-13 11:18:58] ingestion: 3 archivo(s) nuevo(s) o modificado(s) 
[2026-08-13 11:18:58] personas_gestion_riesgo_20260814_0800.xlsx: procesado (6 filas) 
[2026-08-13 11:18:58] viviendas_gestion_riesgo_20260814_0800.xlsx: procesado (4 filas) 
[2026-08-13 11:18:58] viviendas_vivienda_20260813.xlsx: procesado (3 filas) 
[2026-08-13 11:18:58] ingestion: 3 archivos | 3 insertados | 1 actualizados | 9 sin cambio 
[2026-08-13 11:18:58] dedup personas: 1 duplicado(s) vigentes, 0 cambio(s) en esta corrida 
[2026-08-13 11:18:58] dedup viviendas: 1 duplicado(s) vigentes, 0 cambio(s) en esta corrida 
[2026-08-13 11:18:58] dedup familias: 0 duplicado(s) vigentes, 0 cambio(s) en esta corrida 
[2026-08-13 11:18:59] match PER-J1-F: matched_cedula -> ambiguous 
[2026-08-13 11:18:59] match PER-J2-G: (nuevo) -> matched_hogar (VIV-J2-G) 
[2026-08-13 11:18:59] matching: ambiguous=1 | matched_cedula=2 | matched_hogar=2 | no_match=1 | 2 cambio(s) en esta corrida 
[2026-08-13 11:18:59] === corrida 2 terminada (ok): 3 archivos | 3 insertados | 1 actualizados | 9 sin cambio === 
[2026-08-13 11:18:59] === corrida 3 iniciada === 
[2026-08-13 11:19:00] ingestion: 6 archivo(s) en la carpeta 
[2026-08-13 11:19:00] ingestion: 0 archivo(s) nuevo(s) o modificado(s) 
[2026-08-13 11:19:00] ingestion: 0 archivos | 0 insertados | 0 actualizados | 0 sin cambio 
[2026-08-13 11:19:00] dedup personas: 1 duplicado(s) vigentes, 0 cambio(s) en esta corrida 
[2026-08-13 11:19:00] dedup viviendas: 1 duplicado(s) vigentes, 0 cambio(s) en esta corrida 
[2026-08-13 11:19:00] dedup familias: 0 duplicado(s) vigentes, 0 cambio(s) en esta corrida 
[2026-08-13 11:19:01] matching: ambiguous=1 | matched_cedula=2 | matched_hogar=2 | no_match=1 | 0 cambio(s) en esta corrida 
[2026-08-13 11:19:01] === corrida 3 terminada (ok): 0 archivos | 0 insertados | 0 actualizados | 0 sin cambio === 
[2026-08-13 11:23:31] consulta: 8 personas exportadas al aplicativo 
[2026-08-13 11:25:38] === corrida 4 iniciada === 
[2026-08-13 11:25:38] ingestion: 6 archivo(s) en la carpeta 
[2026-08-13 11:25:38] ingestion: 0 archivo(s) nuevo(s) o modificado(s) 
[2026-08-13 11:25:38] ingestion: 0 archivos | 0 insertados | 0 actualizados | 0 sin cambio 
[2026-08-13 11:25:39] dedup personas: 1 duplicado(s) vigentes, 0 cambio(s) en esta corrida 
[2026-08-13 11:25:39] dedup viviendas: 1 duplicado(s) vigentes, 0 cambio(s) en esta corrida 
[2026-08-13 11:25:39] dedup familias: 0 duplicado(s) vigentes, 0 cambio(s) en esta corrida 
[2026-08-13 11:25:39] matching: ambiguous=1 | matched_cedula=2 | matched_hogar=2 | no_match=1 | 0 cambio(s) en esta corrida 
[2026-08-13 11:25:40] consulta: 8 personas exportadas al aplicativo 
[2026-08-13 11:25:40] === corrida 4 terminada (ok): 0 archivos | 0 insertados | 0 actualizados | 0 sin cambio === 
